main.cu(175): warning: variable "gtid" was declared but never referenced

