k[0]: 456
k[0]: 456
k[0]: 456
k[0]: 456
k[0]: 456
k[0]: 456
k[0]: 456
k[0]: 456
k[0]: 456
k[0]: 456
